// Jest Snapshot v1, https://goo.gl/fbAQLP

exports[`TimeShow renders correctly 1`] = `
<DocumentFragment>
  <div
    class="timeShow"
  >
    <p>
      test
    </p>
  </div>
</DocumentFragment>
`;
